[INFO] Scanning for projects...
[INFO] 
[INFO] ---------------< com.example:smarteducationsystem_back >----------------
[INFO] Building smarteducationsystem_back 0.0.1-SNAPSHOT
[INFO]   from pom.xml
[INFO] --------------------------------[ jar ]---------------------------------
[INFO] 
[INFO] --- clean:3.2.0:clean (default-clean) @ smarteducationsystem_back ---
[INFO] Deleting D:\Code\smarteducationsystem_back\target
[INFO] 
[INFO] --- resources:3.2.0:resources (default-resources) @ smarteducationsystem_back ---
[INFO] Using 'UTF-8' encoding to copy filtered resources.
[INFO] Using 'UTF-8' encoding to copy filtered properties files.
[INFO] Copying 2 resources
[INFO] Copying 0 resource
[INFO] 
[INFO] --- compiler:3.10.1:compile (default-compile) @ smarteducationsystem_back ---
[INFO] Changes detected - recompiling the module!
[INFO] Compiling 40 source files to D:\Code\smarteducationsystem_back\target\classes
[INFO] ------------------------------------------------------------------------
[INFO] BUILD SUCCESS
[INFO] ------------------------------------------------------------------------
[INFO] Total time:  2.064 s
[INFO] Finished at: 2026-03-02T12:18:56+08:00
[INFO] ------------------------------------------------------------------------
